==========================================
reduce in 5x5GRID : [init(0)] .
rewrites: 451
result Dish: [0,0 :: - -> -
; 0,1 :: X -> -
; 0,2 :: - -> -
; 1,0 :: X -> X
; 1,1 :: - -> -
; 1,2 :: - -> X
; 2,0 :: X -> X
; 2,1 :: X -> X
; 2,2 :: X -> X]
==========================================
reduce in 5x5GRID : {init(0)} .
rewrites: 55
result Dish: {0,0 :: -
; 0,1 :: X
; 0,2 :: -
; 1,0 :: X
; 1,1 :: -
; 1,2 :: -
; 2,0 :: X
; 2,1 :: X
; 2,2 :: X}
Bye.
