==========================================
reduce in 3x3GRID : [init(0)] .
rewrites: 451
result Conf: [< 0,0 > :: - -> X
; < 0,1 > :: X -> -
; < 0,2 > :: - -> -
; < 1,0 > :: X -> -
; < 1,1 > :: - -> X
; < 1,2 > :: - -> -
; < 2,0 > :: X -> -
; < 2,1 > :: X -> -
; < 2,2 > :: X -> -]
==========================================
reduce in 3x3GRID : {init(0)} .
rewrites: 55
result Conf: {< 0,0 > :: -
; < 0,1 > :: X
; < 0,2 > :: -
; < 1,0 > :: X
; < 1,1 > :: -
; < 1,2 > :: -
; < 2,0 > :: X
; < 2,1 > :: X
; < 2,2 > :: X}
==========================================
search in 3x3GRID : [init(0)] =>* {CS:Cells} .

Solution 1 (state 1)
states: 2  rewrites: 461
CS:Cells --> < 0,0 > :: X
; < 0,1 > :: -
; < 0,2 > :: -
; < 1,0 > :: -
; < 1,1 > :: X
; < 1,2 > :: -
; < 2,0 > :: -
; < 2,1 > :: -
; < 2,2 > :: -

Solution 2 (state 3)
states: 4  rewrites: 868
CS:Cells --> < 0,0 > :: -
; < 0,1 > :: -
; < 0,2 > :: X
; < 1,0 > :: X
; < 1,1 > :: -
; < 1,2 > :: -
; < 2,0 > :: X
; < 2,1 > :: -
; < 2,2 > :: X

Solution 3 (state 5)
states: 6  rewrites: 1275
CS:Cells --> < 0,0 > :: X
; < 0,1 > :: X
; < 0,2 > :: -
; < 1,0 > :: -
; < 1,1 > :: -
; < 1,2 > :: X
; < 2,0 > :: -
; < 2,1 > :: -
; < 2,2 > :: -

Solution 4 (state 7)
states: 8  rewrites: 1682
CS:Cells --> < 0,0 > :: X
; < 0,1 > :: -
; < 0,2 > :: -
; < 1,0 > :: -
; < 1,1 > :: X
; < 1,2 > :: -
; < 2,0 > :: X
; < 2,1 > :: X
; < 2,2 > :: -

Solution 5 (state 9)
states: 10  rewrites: 2089
CS:Cells --> < 0,0 > :: -
; < 0,1 > :: X
; < 0,2 > :: X
; < 1,0 > :: X
; < 1,1 > :: -
; < 1,2 > :: -
; < 2,0 > :: -
; < 2,1 > :: -
; < 2,2 > :: -

Solution 6 (state 11)
states: 12  rewrites: 2496
CS:Cells --> < 0,0 > :: -
; < 0,1 > :: X
; < 0,2 > :: -
; < 1,0 > :: -
; < 1,1 > :: -
; < 1,2 > :: X
; < 2,0 > :: -
; < 2,1 > :: X
; < 2,2 > :: X

Solution 7 (state 13)
states: 14  rewrites: 2903
CS:Cells --> < 0,0 > :: X
; < 0,1 > :: -
; < 0,2 > :: X
; < 1,0 > :: -
; < 1,1 > :: X
; < 1,2 > :: -
; < 2,0 > :: -
; < 2,1 > :: -
; < 2,2 > :: -

No more solutions.
states: 15  rewrites: 3310
Bye.
