==========================================
rewrite in IMP-PROGRAMS : < x = 3 ; ~> done | x |-> 0 > .
rewrites: 3
result RedContext: < done | x |-> 1 :+ 1 :+ 1 >
==========================================
rewrite in IMP-PROGRAMS : < sum(n, s) ~> done | n |-> 10 * s |-> 3 > .
rewrites: 408
result RedContext: < done | n |-> 0 * s |-> 1 :+ 1 :+ 1 :+ 1 :+ 1 :+ 1 :+ 1 :+
    1 :+ 1 :+ 1 :+ 1 :+ 1 :+ 1 :+ 1 :+ 1 :+ 1 :+ 1 :+ 1 :+ 1 :+ 1 :+ 1 :+ 1 :+
    1 :+ 1 :+ 1 :+ 1 :+ 1 :+ 1 :+ 1 :+ 1 :+ 1 :+ 1 :+ 1 :+ 1 :+ 1 :+ 1 :+ 1 :+
    1 :+ 1 :+ 1 :+ 1 :+ 1 :+ 1 :+ 1 :+ 1 :+ 1 :+ 1 :+ 1 :+ 1 :+ 1 :+ 1 :+ 1 :+
    1 :+ 1 :+ 1 >
==========================================
rewrite in IMP-PROGRAMS : < swap(x, y, t) ~> done | x |-> 3 * t |-> 0 * y |-> 5
    > .
rewrites: 20
result RedContext: < done | t |-> 1 :+ 1 :+ 1 * x |-> 1 :+ 1 :+ 1 :+ 1 :+ 1 * y
    |-> 1 :+ 1 :+ 1 >
==========================================
rewrite in IMP-PROGRAMS : < swap-in-place(x, y) ~> done | x |-> 3 * y |-> 5 > .
rewrites: 49
result RedContext: < done | x |-> 1 :+ 1 :+ 1 :+ 1 :+ 1 * y |-> 1 :+ 1 :+ 1 >
Bye.
